ARM Linker, 5.03 [Build 76] [MDK-ARM Lite]

==============================================================================

Section Cross References

    startup_lpc17xx.o(STACK) refers (Special) to heapauxi.o(.text) for __use_two_region_memory
    startup_lpc17xx.o(HEAP) refers (Special) to heapauxi.o(.text) for __use_two_region_memory
    startup_lpc17xx.o(RESET) refers (Special) to heapauxi.o(.text) for __use_two_region_memory
    startup_lpc17xx.o(RESET) refers to startup_lpc17xx.o(STACK) for __initial_sp
    startup_lpc17xx.o(RESET) refers to startup_lpc17xx.o(.text) for Reset_Handler
    startup_lpc17xx.o(RESET) refers to main.o(.text) for TIMER0_IRQHandler
    startup_lpc17xx.o(RESET) refers to uart.o(.text) for UART0_IRQHandler
    startup_lpc17xx.o(.ARM.__at_0x02FC) refers (Special) to heapauxi.o(.text) for __use_two_region_memory
    startup_lpc17xx.o(.text) refers (Special) to heapauxi.o(.text) for __use_two_region_memory
    startup_lpc17xx.o(.text) refers to system_lpc17xx.o(.text) for SystemInit
    startup_lpc17xx.o(.text) refers to __main.o(!!!main) for __main
    startup_lpc17xx.o(.text) refers to startup_lpc17xx.o(HEAP) for Heap_Mem
    startup_lpc17xx.o(.text) refers to startup_lpc17xx.o(STACK) for Stack_Mem
    system_lpc17xx.o(.text) refers to lludivv7m.o(.text) for __aeabi_uldivmod
    system_lpc17xx.o(.text) refers to system_lpc17xx.o(.data) for SystemCoreClock
    main.o(.text) refers to dflt_clz.o(x$fpl$dflt) for __aeabi_i2d
    main.o(.text) refers to dmul.o(x$fpl$dmul) for __aeabi_dmul
    main.o(.text) refers to ddiv.o(x$fpl$ddiv) for __aeabi_ddiv
    main.o(.text) refers to daddsub_clz.o(x$fpl$drsb) for __aeabi_drsub
    main.o(.text) refers to dfixu.o(x$fpl$dfixu) for __aeabi_d2uiz
    main.o(.text) refers to f2d.o(x$fpl$f2d) for __aeabi_f2d
    main.o(.text) refers to daddsub_clz.o(x$fpl$dadd) for __aeabi_dadd
    main.o(.text) refers to d2f.o(x$fpl$d2f) for __aeabi_d2f
    main.o(.text) refers to dflt_clz.o(x$fpl$dfltu) for __aeabi_ui2d
    main.o(.text) refers to main.o(.data) for Flancos_Drcha
    main.o(.text) refers to fflt_clz.o(x$fpl$ffltu) for __aeabi_ui2f
    main.o(.text) refers to daddsub_clz.o(x$fpl$dsub) for __aeabi_dsub
    main.o(.text) refers to dfix.o(x$fpl$dfix) for __aeabi_d2iz
    main.o(.text) refers to uart.o(.text) for uart0_init
    main.o(.text) refers to atoi.o(.text) for atoi
    main.o(.text) refers to main.o(.bss) for buffer
    main.o(.text) refers to main.o(.constdata) for .constdata
    uart.o(.text) refers to main.o(.data) for ptr_rx
    uart.o(.text) refers to main.o(.bss) for buffer
    uart.o(.text) refers to system_lpc17xx.o(.data) for SystemCoreClock
    atoi.o(.text) refers to rt_errno_addr_intlibspace.o(.text) for __aeabi_errno_addr
    atoi.o(.text) refers to strtol.o(.text) for strtol
    __main.o(!!!main) refers to rtentry.o(.ARM.Collect$$rtentry$$00000000) for __rt_entry
    d2f.o(x$fpl$d2f) refers (Special) to usenofp.o(x$fpl$usenofp) for __I$use$fp
    d2f.o(x$fpl$d2f) refers to fretinf.o(x$fpl$fretinf) for __fpl_fretinf
    d2f.o(x$fpl$d2f) refers to dnaninf.o(x$fpl$dnaninf) for __fpl_dnaninf
    daddsub_clz.o(x$fpl$dadd) refers (Special) to usenofp.o(x$fpl$usenofp) for __I$use$fp
    daddsub_clz.o(x$fpl$dadd) refers to daddsub_clz.o(x$fpl$dsub) for _dsub1
    daddsub_clz.o(x$fpl$dadd) refers to dretinf.o(x$fpl$dretinf) for __fpl_dretinf
    daddsub_clz.o(x$fpl$dadd) refers to dnaninf.o(x$fpl$dnaninf) for __fpl_dnaninf
    daddsub_clz.o(x$fpl$drsb) refers (Special) to usenofp.o(x$fpl$usenofp) for __I$use$fp
    daddsub_clz.o(x$fpl$drsb) refers to daddsub_clz.o(x$fpl$dadd) for _dadd1
    daddsub_clz.o(x$fpl$drsb) refers to daddsub_clz.o(x$fpl$dsub) for _dsub1
    daddsub_clz.o(x$fpl$dsub) refers (Special) to usenofp.o(x$fpl$usenofp) for __I$use$fp
    daddsub_clz.o(x$fpl$dsub) refers to daddsub_clz.o(x$fpl$dadd) for _dadd1
    daddsub_clz.o(x$fpl$dsub) refers to dnaninf.o(x$fpl$dnaninf) for __fpl_dnaninf
    ddiv.o(x$fpl$drdiv) refers (Special) to usenofp.o(x$fpl$usenofp) for __I$use$fp
    ddiv.o(x$fpl$drdiv) refers to ddiv.o(x$fpl$ddiv) for ddiv_entry
    ddiv.o(x$fpl$ddiv) refers (Special) to usenofp.o(x$fpl$usenofp) for __I$use$fp
    ddiv.o(x$fpl$ddiv) refers to dretinf.o(x$fpl$dretinf) for __fpl_dretinf
    ddiv.o(x$fpl$ddiv) refers to dnaninf.o(x$fpl$dnaninf) for __fpl_dnaninf
    dfix.o(x$fpl$dfix) refers (Special) to usenofp.o(x$fpl$usenofp) for __I$use$fp
    dfix.o(x$fpl$dfix) refers to dnaninf.o(x$fpl$dnaninf) for __fpl_dnaninf
    dfix.o(x$fpl$dfixr) refers (Special) to usenofp.o(x$fpl$usenofp) for __I$use$fp
    dfix.o(x$fpl$dfixr) refers to dnaninf.o(x$fpl$dnaninf) for __fpl_dnaninf
    dfixu.o(x$fpl$dfixu) refers (Special) to usenofp.o(x$fpl$usenofp) for __I$use$fp
    dfixu.o(x$fpl$dfixu) refers to dnaninf.o(x$fpl$dnaninf) for __fpl_dnaninf
    dfixu.o(x$fpl$dfixur) refers (Special) to usenofp.o(x$fpl$usenofp) for __I$use$fp
    dfixu.o(x$fpl$dfixur) refers to dnaninf.o(x$fpl$dnaninf) for __fpl_dnaninf
    dflt_clz.o(x$fpl$dfltu) refers (Special) to usenofp.o(x$fpl$usenofp) for __I$use$fp
    dflt_clz.o(x$fpl$dflt) refers (Special) to usenofp.o(x$fpl$usenofp) for __I$use$fp
    dflt_clz.o(x$fpl$dfltn) refers (Special) to usenofp.o(x$fpl$usenofp) for __I$use$fp
    dmul.o(x$fpl$dmul) refers (Special) to usenofp.o(x$fpl$usenofp) for __I$use$fp
    dmul.o(x$fpl$dmul) refers to dretinf.o(x$fpl$dretinf) for __fpl_dretinf
    dmul.o(x$fpl$dmul) refers to dnaninf.o(x$fpl$dnaninf) for __fpl_dnaninf
    f2d.o(x$fpl$f2d) refers (Special) to usenofp.o(x$fpl$usenofp) for __I$use$fp
    f2d.o(x$fpl$f2d) refers to fnaninf.o(x$fpl$fnaninf) for __fpl_fnaninf
    f2d.o(x$fpl$f2d) refers to dretinf.o(x$fpl$dretinf) for __fpl_dretinf
    fflt_clz.o(x$fpl$ffltu) refers (Special) to usenofp.o(x$fpl$usenofp) for __I$use$fp
    fflt_clz.o(x$fpl$fflt) refers (Special) to usenofp.o(x$fpl$usenofp) for __I$use$fp
    fflt_clz.o(x$fpl$ffltn) refers (Special) to usenofp.o(x$fpl$usenofp) for __I$use$fp
    rtentry.o(.ARM.Collect$$rtentry$$00000000) refers (Special) to rtentry2.o(.ARM.Collect$$rtentry$$0000000A) for __rt_entry_li
    rtentry.o(.ARM.Collect$$rtentry$$00000000) refers (Special) to rtentry2.o(.ARM.Collect$$rtentry$$0000000D) for __rt_entry_main
    rtentry.o(.ARM.Collect$$rtentry$$00000000) refers (Special) to rtentry2.o(.ARM.Collect$$rtentry$$0000000C) for __rt_entry_postli_1
    rtentry.o(.ARM.Collect$$rtentry$$00000000) refers (Special) to rtentry2.o(.ARM.Collect$$rtentry$$00000009) for __rt_entry_postsh_1
    rtentry.o(.ARM.Collect$$rtentry$$00000000) refers (Special) to rtentry2.o(.ARM.Collect$$rtentry$$00000002) for __rt_entry_presh_1
    rtentry.o(.ARM.Collect$$rtentry$$00000000) refers (Special) to rtentry4.o(.ARM.Collect$$rtentry$$00000004) for __rt_entry_sh
    aeabi_ldiv0_sigfpe.o(.text) refers to rt_div0.o(.text) for __rt_div0
    rt_errno_addr.o(.text) refers to rt_errno_addr.o(.bss) for __aeabi_errno_addr_data
    rt_errno_addr_intlibspace.o(.text) refers to libspace.o(.bss) for __libspace_start
    strtol.o(.text) refers to rt_ctype_table.o(.text) for __rt_ctype_table
    strtol.o(.text) refers to _strtoul.o(.text) for _strtoul
    strtol.o(.text) refers to rt_errno_addr_intlibspace.o(.text) for __aeabi_errno_addr
    dnaninf.o(x$fpl$dnaninf) refers (Special) to usenofp.o(x$fpl$usenofp) for __I$use$fp
    dretinf.o(x$fpl$dretinf) refers (Special) to usenofp.o(x$fpl$usenofp) for __I$use$fp
    fnaninf.o(x$fpl$fnaninf) refers (Special) to usenofp.o(x$fpl$usenofp) for __I$use$fp
    fretinf.o(x$fpl$fretinf) refers (Special) to usenofp.o(x$fpl$usenofp) for __I$use$fp
    libspace.o(.text) refers to libspace.o(.bss) for __libspace_start
    rtentry2.o(.ARM.Collect$$rtentry$$00000008) refers to boardinit2.o(.text) for _platform_post_stackheap_init
    rtentry2.o(.ARM.Collect$$rtentry$$0000000A) refers to libinit.o(.ARM.Collect$$libinit$$00000000) for __rt_lib_init
    rtentry2.o(.ARM.Collect$$rtentry$$0000000B) refers to boardinit3.o(.text) for _platform_post_lib_init
    rtentry2.o(.ARM.Collect$$rtentry$$0000000D) refers to main.o(.text) for main
    rtentry2.o(.ARM.Collect$$rtentry$$0000000D) refers to exit.o(.text) for exit
    rtentry2.o(.ARM.exidx) refers to rtentry2.o(.ARM.Collect$$rtentry$$00000001) for .ARM.Collect$$rtentry$$00000001
    rtentry2.o(.ARM.exidx) refers to rtentry2.o(.ARM.Collect$$rtentry$$00000008) for .ARM.Collect$$rtentry$$00000008
    rtentry2.o(.ARM.exidx) refers to rtentry2.o(.ARM.Collect$$rtentry$$0000000A) for .ARM.Collect$$rtentry$$0000000A
    rtentry2.o(.ARM.exidx) refers to rtentry2.o(.ARM.Collect$$rtentry$$0000000B) for .ARM.Collect$$rtentry$$0000000B
    rtentry2.o(.ARM.exidx) refers to rtentry2.o(.ARM.Collect$$rtentry$$0000000D) for .ARM.Collect$$rtentry$$0000000D
    rtentry4.o(.ARM.Collect$$rtentry$$00000004) refers to sys_stackheap_outer.o(.text) for __user_setup_stackheap
    rtentry4.o(.ARM.exidx) refers to rtentry4.o(.ARM.Collect$$rtentry$$00000004) for .ARM.Collect$$rtentry$$00000004
    rt_ctype_table.o(.text) refers to rt_locale_intlibspace.o(.text) for __rt_locale
    rt_ctype_table.o(.text) refers to lc_ctype_c.o(locale$$code) for _get_lc_ctype
    rt_div0.o(.text) refers to defsig_fpe_outer.o(.text) for __rt_SIGFPE
    _strtoul.o(.text) refers to _chval.o(.text) for _chval
    _strtoul.o(.text) refers to rt_errno_addr_intlibspace.o(.text) for __aeabi_errno_addr
    sys_stackheap_outer.o(.text) refers to libspace.o(.text) for __user_perproc_libspace
    sys_stackheap_outer.o(.text) refers to startup_lpc17xx.o(.text) for __user_initial_stackheap
    rt_locale.o(.text) refers to rt_locale.o(.bss) for __rt_locale_data
    rt_locale_intlibspace.o(.text) refers to libspace.o(.bss) for __libspace_start
    lc_ctype_c.o(locale$$data) refers (Special) to libinit2.o(.ARM.Collect$$libinit$$00000010) for __rt_lib_init_lc_ctype_2
    lc_ctype_c.o(locale$$code) refers (Special) to libinit2.o(.ARM.Collect$$libinit$$00000010) for __rt_lib_init_lc_ctype_2
    lc_ctype_c.o(locale$$code) refers to strcmpv7m.o(.text) for strcmp
    lc_ctype_c.o(locale$$code) refers to lc_ctype_c.o(locale$$data) for __lcctype_c_name
    exit.o(.text) refers to rtexit.o(.ARM.Collect$$rtexit$$00000000) for __rt_exit
    defsig_fpe_outer.o(.text) refers to defsig_fpe_inner.o(.text) for __rt_SIGFPE_inner
    defsig_fpe_outer.o(.text) refers to defsig_exit.o(.text) for __sig_exit
    defsig_fpe_formal.o(.text) refers to rt_raise.o(.text) for __rt_raise
    libinit.o(.ARM.Collect$$libinit$$00000000) refers (Special) to libinit2.o(.ARM.Collect$$libinit$$0000002C) for __rt_lib_init_alloca_1
    libinit.o(.ARM.Collect$$libinit$$00000000) refers (Special) to libinit2.o(.ARM.Collect$$libinit$$0000002A) for __rt_lib_init_argv_1
    libinit.o(.ARM.Collect$$libinit$$00000000) refers (Special) to libinit2.o(.ARM.Collect$$libinit$$00000019) for __rt_lib_init_atexit_1
    libinit.o(.ARM.Collect$$libinit$$00000000) refers (Special) to libinit2.o(.ARM.Collect$$libinit$$0000001F) for __rt_lib_init_clock_1
    libinit.o(.ARM.Collect$$libinit$$00000000) refers (Special) to libinit2.o(.ARM.Collect$$libinit$$00000030) for __rt_lib_init_cpp_1
    libinit.o(.ARM.Collect$$libinit$$00000000) refers (Special) to libinit2.o(.ARM.Collect$$libinit$$0000002E) for __rt_lib_init_exceptions_1
    libinit.o(.ARM.Collect$$libinit$$00000000) refers (Special) to libinit2.o(.ARM.Collect$$libinit$$00000002) for __rt_lib_init_fp_1
    libinit.o(.ARM.Collect$$libinit$$00000000) refers (Special) to libinit2.o(.ARM.Collect$$libinit$$0000001D) for __rt_lib_init_fp_trap_1
    libinit.o(.ARM.Collect$$libinit$$00000000) refers (Special) to libinit2.o(.ARM.Collect$$libinit$$00000021) for __rt_lib_init_getenv_1
    libinit.o(.ARM.Collect$$libinit$$00000000) refers (Special) to libinit2.o(.ARM.Collect$$libinit$$00000008) for __rt_lib_init_heap_1
    libinit.o(.ARM.Collect$$libinit$$00000000) refers (Special) to libinit2.o(.ARM.Collect$$libinit$$0000000F) for __rt_lib_init_lc_collate_1
    libinit.o(.ARM.Collect$$libinit$$00000000) refers (Special) to libinit2.o(.ARM.Collect$$libinit$$00000011) for __rt_lib_init_lc_ctype_1
    libinit.o(.ARM.Collect$$libinit$$00000000) refers (Special) to libinit2.o(.ARM.Collect$$libinit$$00000013) for __rt_lib_init_lc_monetary_1
    libinit.o(.ARM.Collect$$libinit$$00000000) refers (Special) to libinit2.o(.ARM.Collect$$libinit$$00000015) for __rt_lib_init_lc_numeric_1
    libinit.o(.ARM.Collect$$libinit$$00000000) refers (Special) to libinit2.o(.ARM.Collect$$libinit$$00000017) for __rt_lib_init_lc_time_1
    libinit.o(.ARM.Collect$$libinit$$00000000) refers (Special) to libinit2.o(.ARM.Collect$$libinit$$0000000C) for __rt_lib_init_rand_1
    libinit.o(.ARM.Collect$$libinit$$00000000) refers (Special) to libinit2.o(.ARM.Collect$$libinit$$00000031) for __rt_lib_init_return
    libinit.o(.ARM.Collect$$libinit$$00000000) refers (Special) to libinit2.o(.ARM.Collect$$libinit$$0000001B) for __rt_lib_init_signal_1
    libinit.o(.ARM.Collect$$libinit$$00000000) refers (Special) to libinit2.o(.ARM.Collect$$libinit$$00000023) for __rt_lib_init_stdio_1
    libinit.o(.ARM.Collect$$libinit$$00000000) refers (Special) to libinit2.o(.ARM.Collect$$libinit$$0000000A) for __rt_lib_init_user_alloc_1
    rtexit.o(.ARM.Collect$$rtexit$$00000000) refers (Special) to rtexit2.o(.ARM.Collect$$rtexit$$00000004) for __rt_exit_exit
    rtexit.o(.ARM.Collect$$rtexit$$00000000) refers (Special) to rtexit2.o(.ARM.Collect$$rtexit$$00000003) for __rt_exit_ls
    rtexit.o(.ARM.Collect$$rtexit$$00000000) refers (Special) to rtexit2.o(.ARM.Collect$$rtexit$$00000002) for __rt_exit_prels_1
    rtexit.o(.ARM.exidx) refers (Special) to rtexit2.o(.ARM.Collect$$rtexit$$00000004) for __rt_exit_exit
    rtexit.o(.ARM.exidx) refers (Special) to rtexit2.o(.ARM.Collect$$rtexit$$00000003) for __rt_exit_ls
    rtexit.o(.ARM.exidx) refers (Special) to rtexit2.o(.ARM.Collect$$rtexit$$00000002) for __rt_exit_prels_1
    rtexit.o(.ARM.exidx) refers to rtexit.o(.ARM.Collect$$rtexit$$00000000) for .ARM.Collect$$rtexit$$00000000
    rt_raise.o(.text) refers to __raise.o(.text) for __raise
    rt_raise.o(.text) refers to sys_exit.o(.text) for _sys_exit
    defsig_exit.o(.text) refers to sys_exit.o(.text) for _sys_exit
    defsig_fpe_inner.o(.text) refers to defsig_general.o(.text) for __default_signal_display
    libinit2.o(.ARM.Collect$$libinit$$0000000D) refers (Weak) to rt_locale_intlibspace.o(.text) for __rt_locale
    libinit2.o(.ARM.Collect$$libinit$$0000000E) refers to libinit2.o(.ARM.Collect$$libinit$$0000000D) for .ARM.Collect$$libinit$$0000000D
    libinit2.o(.ARM.Collect$$libinit$$00000010) refers to libinit2.o(.ARM.Collect$$libinit$$0000000D) for .ARM.Collect$$libinit$$0000000D
    libinit2.o(.ARM.Collect$$libinit$$00000010) refers (Weak) to lc_ctype_c.o(locale$$code) for _get_lc_ctype
    libinit2.o(.ARM.Collect$$libinit$$00000012) refers to libinit2.o(.ARM.Collect$$libinit$$0000000D) for .ARM.Collect$$libinit$$0000000D
    libinit2.o(.ARM.Collect$$libinit$$00000014) refers to libinit2.o(.ARM.Collect$$libinit$$0000000D) for .ARM.Collect$$libinit$$0000000D
    libinit2.o(.ARM.Collect$$libinit$$00000016) refers to libinit2.o(.ARM.Collect$$libinit$$0000000D) for .ARM.Collect$$libinit$$0000000D
    libinit2.o(.ARM.Collect$$libinit$$00000024) refers to argv_veneer.o(.emb_text) for __ARM_argv_veneer
    libinit2.o(.ARM.Collect$$libinit$$00000025) refers to argv_veneer.o(.emb_text) for __ARM_argv_veneer
    sys_exit.o(.text) refers (Special) to use_no_semi.o(.text) for __I$use$semihosting
    sys_exit.o(.text) refers (Special) to indicate_semi.o(.text) for __semihosting_library_function
    rtexit2.o(.ARM.Collect$$rtexit$$00000003) refers to libshutdown.o(.ARM.Collect$$libshutdown$$00000000) for __rt_lib_shutdown
    rtexit2.o(.ARM.Collect$$rtexit$$00000004) refers to sys_exit.o(.text) for _sys_exit
    rtexit2.o(.ARM.exidx) refers to rtexit2.o(.ARM.Collect$$rtexit$$00000001) for .ARM.Collect$$rtexit$$00000001
    rtexit2.o(.ARM.exidx) refers to rtexit2.o(.ARM.Collect$$rtexit$$00000003) for .ARM.Collect$$rtexit$$00000003
    rtexit2.o(.ARM.exidx) refers to rtexit2.o(.ARM.Collect$$rtexit$$00000004) for .ARM.Collect$$rtexit$$00000004
    __raise.o(.text) refers to defsig.o(CL$$defsig) for __default_signal_handler
    defsig_general.o(.text) refers to sys_wrch.o(.text) for _ttywrch
    argv_veneer.o(.emb_text) refers to no_argv.o(.text) for __ARM_get_argv
    sys_wrch.o(.text) refers (Special) to use_no_semi.o(.text) for __I$use$semihosting
    sys_wrch.o(.text) refers (Special) to indicate_semi.o(.text) for __semihosting_library_function
    defsig.o(CL$$defsig) refers to defsig_fpe_inner.o(.text) for __rt_SIGFPE_inner
    defsig.o(CL$$defsig) refers to defsig_rtmem_inner.o(.text) for __rt_SIGRTMEM_inner
    _get_argv_nomalloc.o(.text) refers (Special) to hrguard.o(.text) for __heap_region$guard
    _get_argv_nomalloc.o(.text) refers to defsig_rtmem_outer.o(.text) for __rt_SIGRTMEM
    _get_argv_nomalloc.o(.text) refers to sys_command.o(.text) for _sys_command_string
    libshutdown.o(.ARM.Collect$$libshutdown$$00000000) refers (Special) to libshutdown2.o(.ARM.Collect$$libshutdown$$00000006) for __rt_lib_shutdown_fp_trap_1
    libshutdown.o(.ARM.Collect$$libshutdown$$00000000) refers (Special) to libshutdown2.o(.ARM.Collect$$libshutdown$$0000000E) for __rt_lib_shutdown_heap_1
    libshutdown.o(.ARM.Collect$$libshutdown$$00000000) refers (Special) to libshutdown2.o(.ARM.Collect$$libshutdown$$0000000F) for __rt_lib_shutdown_return
    libshutdown.o(.ARM.Collect$$libshutdown$$00000000) refers (Special) to libshutdown2.o(.ARM.Collect$$libshutdown$$00000009) for __rt_lib_shutdown_signal_1
    libshutdown.o(.ARM.Collect$$libshutdown$$00000000) refers (Special) to libshutdown2.o(.ARM.Collect$$libshutdown$$00000003) for __rt_lib_shutdown_stdio_1
    libshutdown.o(.ARM.Collect$$libshutdown$$00000000) refers (Special) to libshutdown2.o(.ARM.Collect$$libshutdown$$0000000B) for __rt_lib_shutdown_user_alloc_1
    sys_command.o(.text) refers (Special) to use_no_semi.o(.text) for __I$use$semihosting
    sys_command.o(.text) refers (Special) to indicate_semi.o(.text) for __semihosting_library_function
    defsig_abrt_inner.o(.text) refers to defsig_general.o(.text) for __default_signal_display
    defsig_rtred_inner.o(.text) refers to defsig_general.o(.text) for __default_signal_display
    defsig_rtmem_inner.o(.text) refers to defsig_general.o(.text) for __default_signal_display
    defsig_rtmem_outer.o(.text) refers to defsig_rtmem_inner.o(.text) for __rt_SIGRTMEM_inner
    defsig_rtmem_outer.o(.text) refers to defsig_exit.o(.text) for __sig_exit
    defsig_rtmem_formal.o(.text) refers to rt_raise.o(.text) for __rt_raise
    defsig_stak_inner.o(.text) refers to defsig_general.o(.text) for __default_signal_display
    defsig_pvfn_inner.o(.text) refers to defsig_general.o(.text) for __default_signal_display
    defsig_cppl_inner.o(.text) refers to defsig_general.o(.text) for __default_signal_display
    defsig_segv_inner.o(.text) refers to defsig_general.o(.text) for __default_signal_display
    defsig_other.o(.text) refers to defsig_general.o(.text) for __default_signal_display


==============================================================================

Removing Unused input sections from the image.

    Removing system_lpc17xx.o(.rev16_text), (4 bytes).
    Removing system_lpc17xx.o(.revsh_text), (4 bytes).
    Removing main.o(.rev16_text), (4 bytes).
    Removing main.o(.revsh_text), (4 bytes).
    Removing uart.o(.rev16_text), (4 bytes).
    Removing uart.o(.revsh_text), (4 bytes).

6 unused section(s) (total 24 bytes) removed from the image.

==============================================================================

Image Symbol Table

    Local Symbols

    Symbol Name                              Value     Ov Type        Size  Object(Section)

    RESET                                    0x00000000   Section      204  startup_lpc17xx.o(RESET)
    ../clib/angel/boardlib.s                 0x00000000   Number         0  boardshut.o ABSOLUTE
    ../clib/angel/boardlib.s                 0x00000000   Number         0  boardinit2.o ABSOLUTE
    ../clib/angel/boardlib.s                 0x00000000   Number         0  boardinit3.o ABSOLUTE
    ../clib/angel/boardlib.s                 0x00000000   Number         0  boardinit1.o ABSOLUTE
    ../clib/angel/handlers.s                 0x00000000   Number         0  __scatter_zi.o ABSOLUTE
    ../clib/angel/handlers.s                 0x00000000   Number         0  __scatter_copy.o ABSOLUTE
    ../clib/angel/kernel.s                   0x00000000   Number         0  rtexit2.o ABSOLUTE
    ../clib/angel/kernel.s                   0x00000000   Number         0  rtentry.o ABSOLUTE
    ../clib/angel/kernel.s                   0x00000000   Number         0  rtexit.o ABSOLUTE
    ../clib/angel/kernel.s                   0x00000000   Number         0  rtentry2.o ABSOLUTE
    ../clib/angel/kernel.s                   0x00000000   Number         0  rtentry4.o ABSOLUTE
    ../clib/angel/rt.s                       0x00000000   Number         0  rt_locale.o ABSOLUTE
    ../clib/angel/rt.s                       0x00000000   Number         0  rt_ctype_table.o ABSOLUTE
    ../clib/angel/rt.s                       0x00000000   Number         0  rt_locale_intlibspace.o ABSOLUTE
    ../clib/angel/rt.s                       0x00000000   Number         0  rt_div0.o ABSOLUTE
    ../clib/angel/rt.s                       0x00000000   Number         0  rt_errno_addr_intlibspace.o ABSOLUTE
    ../clib/angel/rt.s                       0x00000000   Number         0  rt_errno_addr.o ABSOLUTE
    ../clib/angel/rt.s                       0x00000000   Number         0  aeabi_ldiv0_sigfpe.o ABSOLUTE
    ../clib/angel/rt.s                       0x00000000   Number         0  aeabi_ldiv0.o ABSOLUTE
    ../clib/angel/rt.s                       0x00000000   Number         0  rt_raise.o ABSOLUTE
    ../clib/angel/scatter.s                  0x00000000   Number         0  __scatter.o ABSOLUTE
    ../clib/angel/startup.s                  0x00000000   Number         0  __main.o ABSOLUTE
    ../clib/angel/sys.s                      0x00000000   Number         0  indicate_semi.o ABSOLUTE
    ../clib/angel/sys.s                      0x00000000   Number         0  sys_stackheap_outer.o ABSOLUTE
    ../clib/angel/sys.s                      0x00000000   Number         0  use_no_semi.o ABSOLUTE
    ../clib/angel/sys.s                      0x00000000   Number         0  libspace.o ABSOLUTE
    ../clib/angel/sysapp.c                   0x00000000   Number         0  sys_exit.o ABSOLUTE
    ../clib/angel/sysapp.c                   0x00000000   Number         0  sys_command.o ABSOLUTE
    ../clib/angel/sysapp.c                   0x00000000   Number         0  sys_wrch.o ABSOLUTE
    ../clib/armsys.c                         0x00000000   Number         0  argv_veneer.o ABSOLUTE
    ../clib/armsys.c                         0x00000000   Number         0  argv_veneer.o ABSOLUTE
    ../clib/armsys.c                         0x00000000   Number         0  _get_argv_nomalloc.o ABSOLUTE
    ../clib/armsys.c                         0x00000000   Number         0  no_argv.o ABSOLUTE
    ../clib/heapalloc.c                      0x00000000   Number         0  hrguard.o ABSOLUTE
    ../clib/heapaux.c                        0x00000000   Number         0  heapauxi.o ABSOLUTE
    ../clib/libinit.s                        0x00000000   Number         0  libinit.o ABSOLUTE
    ../clib/libinit.s                        0x00000000   Number         0  libshutdown.o ABSOLUTE
    ../clib/libinit.s                        0x00000000   Number         0  libshutdown2.o ABSOLUTE
    ../clib/libinit.s                        0x00000000   Number         0  libinit2.o ABSOLUTE
    ../clib/locale.s                         0x00000000   Number         0  lc_ctype_c.o ABSOLUTE
    ../clib/longlong.s                       0x00000000   Number         0  lludivv7m.o ABSOLUTE
    ../clib/memcpset.s                       0x00000000   Number         0  strcmpv7m.o ABSOLUTE
    ../clib/scanf.c                          0x00000000   Number         0  strtol.o ABSOLUTE
    ../clib/scanf.c                          0x00000000   Number         0  atoi.o ABSOLUTE
    ../clib/scanf.c                          0x00000000   Number         0  _strtoul.o ABSOLUTE
    ../clib/scanf.c                          0x00000000   Number         0  _chval.o ABSOLUTE
    ../clib/signal.c                         0x00000000   Number         0  defsig_stak_inner.o ABSOLUTE
    ../clib/signal.c                         0x00000000   Number         0  defsig_other.o ABSOLUTE
    ../clib/signal.c                         0x00000000   Number         0  defsig_fpe_inner.o ABSOLUTE
    ../clib/signal.c                         0x00000000   Number         0  defsig_exit.o ABSOLUTE
    ../clib/signal.c                         0x00000000   Number         0  defsig_segv_inner.o ABSOLUTE
    ../clib/signal.c                         0x00000000   Number         0  defsig_cppl_inner.o ABSOLUTE
    ../clib/signal.c                         0x00000000   Number         0  defsig_pvfn_inner.o ABSOLUTE
    ../clib/signal.c                         0x00000000   Number         0  defsig_rtmem_formal.o ABSOLUTE
    ../clib/signal.c                         0x00000000   Number         0  defsig_rtmem_outer.o ABSOLUTE
    ../clib/signal.c                         0x00000000   Number         0  defsig_rtmem_inner.o ABSOLUTE
    ../clib/signal.c                         0x00000000   Number         0  defsig_rtred_inner.o ABSOLUTE
    ../clib/signal.c                         0x00000000   Number         0  defsig_fpe_formal.o ABSOLUTE
    ../clib/signal.c                         0x00000000   Number         0  defsig_fpe_outer.o ABSOLUTE
    ../clib/signal.c                         0x00000000   Number         0  defsig_abrt_inner.o ABSOLUTE
    ../clib/signal.c                         0x00000000   Number         0  __raise.o ABSOLUTE
    ../clib/signal.c                         0x00000000   Number         0  defsig_general.o ABSOLUTE
    ../clib/signal.s                         0x00000000   Number         0  defsig.o ABSOLUTE
    ../clib/stdlib.c                         0x00000000   Number         0  exit.o ABSOLUTE
    ../fplib/d2f.s                           0x00000000   Number         0  d2f.o ABSOLUTE
    ../fplib/daddsub.s                       0x00000000   Number         0  daddsub_clz.o ABSOLUTE
    ../fplib/ddiv.s                          0x00000000   Number         0  ddiv.o ABSOLUTE
    ../fplib/dfix.s                          0x00000000   Number         0  dfix.o ABSOLUTE
    ../fplib/dfixu.s                         0x00000000   Number         0  dfixu.o ABSOLUTE
    ../fplib/dflt.s                          0x00000000   Number         0  dflt_clz.o ABSOLUTE
    ../fplib/dmul.s                          0x00000000   Number         0  dmul.o ABSOLUTE
    ../fplib/dnaninf.s                       0x00000000   Number         0  dnaninf.o ABSOLUTE
    ../fplib/dretinf.s                       0x00000000   Number         0  dretinf.o ABSOLUTE
    ../fplib/f2d.s                           0x00000000   Number         0  f2d.o ABSOLUTE
    ../fplib/fflt.s                          0x00000000   Number         0  fflt_clz.o ABSOLUTE
    ../fplib/fnaninf.s                       0x00000000   Number         0  fnaninf.o ABSOLUTE
    ../fplib/fpinit.s                        0x00000000   Number         0  fpinit.o ABSOLUTE
    ../fplib/fretinf.s                       0x00000000   Number         0  fretinf.o ABSOLUTE
    ../fplib/usenofp.s                       0x00000000   Number         0  usenofp.o ABSOLUTE
    dc.s                                     0x00000000   Number         0  dc.o ABSOLUTE
    main.c                                   0x00000000   Number         0  main.o ABSOLUTE
    main.c                                   0x00000000   Number         0  main.o ABSOLUTE
    startup_LPC17xx.s                        0x00000000   Number         0  startup_lpc17xx.o ABSOLUTE
    system_LPC17xx.c                         0x00000000   Number         0  system_lpc17xx.o ABSOLUTE
    system_LPC17xx.c                         0x00000000   Number         0  system_lpc17xx.o ABSOLUTE
    uart.c                                   0x00000000   Number         0  uart.o ABSOLUTE
    uart.c                                   0x00000000   Number         0  uart.o ABSOLUTE
    !!!main                                  0x000000cc   Section        8  __main.o(!!!main)
    !!!scatter                               0x000000d4   Section       52  __scatter.o(!!!scatter)
    !!handler_copy                           0x00000108   Section       26  __scatter_copy.o(!!handler_copy)
    !!handler_zi                             0x00000124   Section       28  __scatter_zi.o(!!handler_zi)
    .ARM.Collect$$libinit$$00000000          0x00000140   Section        2  libinit.o(.ARM.Collect$$libinit$$00000000)
    .ARM.Collect$$libinit$$00000002          0x00000142   Section        0  libinit2.o(.ARM.Collect$$libinit$$00000002)
    .ARM.Collect$$libinit$$00000008          0x00000142   Section        0  libinit2.o(.ARM.Collect$$libinit$$00000008)
    .ARM.Collect$$libinit$$0000000A          0x00000142   Section        0  libinit2.o(.ARM.Collect$$libinit$$0000000A)
    .ARM.Collect$$libinit$$0000000C          0x00000142   Section        0  libinit2.o(.ARM.Collect$$libinit$$0000000C)
    .ARM.Collect$$libinit$$0000000D          0x00000142   Section        6  libinit2.o(.ARM.Collect$$libinit$$0000000D)
    .ARM.Collect$$libinit$$0000000F          0x00000148   Section        0  libinit2.o(.ARM.Collect$$libinit$$0000000F)
    .ARM.Collect$$libinit$$00000010          0x00000148   Section       12  libinit2.o(.ARM.Collect$$libinit$$00000010)
    .ARM.Collect$$libinit$$00000011          0x00000154   Section        0  libinit2.o(.ARM.Collect$$libinit$$00000011)
    .ARM.Collect$$libinit$$00000013          0x00000154   Section        0  libinit2.o(.ARM.Collect$$libinit$$00000013)
    .ARM.Collect$$libinit$$00000015          0x00000154   Section        0  libinit2.o(.ARM.Collect$$libinit$$00000015)
    .ARM.Collect$$libinit$$00000017          0x00000154   Section        0  libinit2.o(.ARM.Collect$$libinit$$00000017)
    .ARM.Collect$$libinit$$00000019          0x00000154   Section        0  libinit2.o(.ARM.Collect$$libinit$$00000019)
    .ARM.Collect$$libinit$$0000001B          0x00000154   Section        0  libinit2.o(.ARM.Collect$$libinit$$0000001B)
    .ARM.Collect$$libinit$$0000001D          0x00000154   Section        0  libinit2.o(.ARM.Collect$$libinit$$0000001D)
    .ARM.Collect$$libinit$$0000001F          0x00000154   Section        0  libinit2.o(.ARM.Collect$$libinit$$0000001F)
    .ARM.Collect$$libinit$$00000021          0x00000154   Section        0  libinit2.o(.ARM.Collect$$libinit$$00000021)
    .ARM.Collect$$libinit$$00000023          0x00000154   Section        0  libinit2.o(.ARM.Collect$$libinit$$00000023)
    .ARM.Collect$$libinit$$0000002A          0x00000154   Section        0  libinit2.o(.ARM.Collect$$libinit$$0000002A)
    .ARM.Collect$$libinit$$0000002C          0x00000154   Section        0  libinit2.o(.ARM.Collect$$libinit$$0000002C)
    .ARM.Collect$$libinit$$0000002E          0x00000154   Section        0  libinit2.o(.ARM.Collect$$libinit$$0000002E)
    .ARM.Collect$$libinit$$00000030          0x00000154   Section        0  libinit2.o(.ARM.Collect$$libinit$$00000030)
    .ARM.Collect$$libinit$$00000031          0x00000154   Section        2  libinit2.o(.ARM.Collect$$libinit$$00000031)
    .ARM.Collect$$libshutdown$$00000000      0x00000156   Section        2  libshutdown.o(.ARM.Collect$$libshutdown$$00000000)
    .ARM.Collect$$libshutdown$$00000003      0x00000158   Section        0  libshutdown2.o(.ARM.Collect$$libshutdown$$00000003)
    .ARM.Collect$$libshutdown$$00000006      0x00000158   Section        0  libshutdown2.o(.ARM.Collect$$libshutdown$$00000006)
    .ARM.Collect$$libshutdown$$00000009      0x00000158   Section        0  libshutdown2.o(.ARM.Collect$$libshutdown$$00000009)
    .ARM.Collect$$libshutdown$$0000000B      0x00000158   Section        0  libshutdown2.o(.ARM.Collect$$libshutdown$$0000000B)
    .ARM.Collect$$libshutdown$$0000000E      0x00000158   Section        0  libshutdown2.o(.ARM.Collect$$libshutdown$$0000000E)
    .ARM.Collect$$libshutdown$$0000000F      0x00000158   Section        2  libshutdown2.o(.ARM.Collect$$libshutdown$$0000000F)
    .ARM.Collect$$rtentry$$00000000          0x0000015a   Section        0  rtentry.o(.ARM.Collect$$rtentry$$00000000)
    .ARM.Collect$$rtentry$$00000002          0x0000015a   Section        0  rtentry2.o(.ARM.Collect$$rtentry$$00000002)
    .ARM.Collect$$rtentry$$00000004          0x0000015a   Section        6  rtentry4.o(.ARM.Collect$$rtentry$$00000004)
    .ARM.Collect$$rtentry$$00000009          0x00000160   Section        0  rtentry2.o(.ARM.Collect$$rtentry$$00000009)
    .ARM.Collect$$rtentry$$0000000A          0x00000160   Section        4  rtentry2.o(.ARM.Collect$$rtentry$$0000000A)
    .ARM.Collect$$rtentry$$0000000C          0x00000164   Section        0  rtentry2.o(.ARM.Collect$$rtentry$$0000000C)
    .ARM.Collect$$rtentry$$0000000D          0x00000164   Section        8  rtentry2.o(.ARM.Collect$$rtentry$$0000000D)
    .ARM.Collect$$rtexit$$00000000           0x0000016c   Section        2  rtexit.o(.ARM.Collect$$rtexit$$00000000)
    .ARM.Collect$$rtexit$$00000002           0x0000016e   Section        0  rtexit2.o(.ARM.Collect$$rtexit$$00000002)
    .ARM.Collect$$rtexit$$00000003           0x0000016e   Section        4  rtexit2.o(.ARM.Collect$$rtexit$$00000003)
    .ARM.Collect$$rtexit$$00000004           0x00000172   Section        6  rtexit2.o(.ARM.Collect$$rtexit$$00000004)
    .text                                    0x00000178   Section       60  startup_lpc17xx.o(.text)
    .text                                    0x000001b4   Section      238  lludivv7m.o(.text)
    .text                                    0x000002a2   Section        0  atoi.o(.text)
    .text                                    0x000002bc   Section        0  heapauxi.o(.text)
    .text                                    0x000002c4   Section        8  rt_errno_addr_intlibspace.o(.text)
    .text                                    0x000002cc   Section        8  libspace.o(.text)
    .text                                    0x000002d4   Section       16  rt_ctype_table.o(.text)
    .text                                    0x000002e4   Section        8  rt_locale_intlibspace.o(.text)
    .text                                    0x000002ec   Section        0  exit.o(.text)
    .text                                    0x000002f8   Section        2  use_no_semi.o(.text)
    .text                                    0x000002fa   Section        0  indicate_semi.o(.text)
    x$fpl$usenofp                            0x000002fa   Section        0  usenofp.o(x$fpl$usenofp)
    .ARM.__at_0x02FC                         0x000002fc   Section        4  startup_lpc17xx.o(.ARM.__at_0x02FC)
    .text                                    0x00000300   Section        0  system_lpc17xx.o(.text)
    .text                                    0x00000610   Section        0  main.o(.text)
    NVIC_SetPriority                         0x00000611   Thumb Code    32  main.o(.text)
    NVIC_EnableIRQ                           0x00000ef1   Thumb Code    24  main.o(.text)
    .text                                    0x00000f08   Section        0  uart.o(.text)
    uart0_set_baudrate                       0x00000f97   Thumb Code   250  uart.o(.text)
    .text                                    0x000010fc   Section        0  strtol.o(.text)
    .text                                    0x0000116c   Section        0  _strtoul.o(.text)
    .text                                    0x0000120a   Section       74  sys_stackheap_outer.o(.text)
    .text                                    0x00001254   Section        0  _chval.o(.text)
    .text                                    0x00001270   Section      128  strcmpv7m.o(.text)
    .text                                    0x000012f0   Section        0  sys_exit.o(.text)
    locale$$code                             0x000012fc   Section       44  lc_ctype_c.o(locale$$code)
    x$fpl$d2f                                0x00001328   Section       98  d2f.o(x$fpl$d2f)
    x$fpl$dadd                               0x0000138c   Section      336  daddsub_clz.o(x$fpl$dadd)
    _dadd1                                   0x0000139d   Thumb Code     0  daddsub_clz.o(x$fpl$dadd)
    x$fpl$ddiv                               0x000014dc   Section      688  ddiv.o(x$fpl$ddiv)
    ddiv_entry                               0x000014e3   Thumb Code     0  ddiv.o(x$fpl$ddiv)
    x$fpl$dfix                               0x0000178c   Section       94  dfix.o(x$fpl$dfix)
    x$fpl$dfixu                              0x000017ec   Section       90  dfixu.o(x$fpl$dfixu)
    x$fpl$dflt                               0x00001846   Section       46  dflt_clz.o(x$fpl$dflt)
    x$fpl$dfltu                              0x00001874   Section       38  dflt_clz.o(x$fpl$dfltu)
    x$fpl$dmul                               0x0000189c   Section      340  dmul.o(x$fpl$dmul)
    x$fpl$dnaninf                            0x000019f0   Section      156  dnaninf.o(x$fpl$dnaninf)
    x$fpl$dretinf                            0x00001a8c   Section       12  dretinf.o(x$fpl$dretinf)
    x$fpl$drsb                               0x00001a98   Section       22  daddsub_clz.o(x$fpl$drsb)
    x$fpl$dsub                               0x00001ab0   Section      468  daddsub_clz.o(x$fpl$dsub)
    _dsub1                                   0x00001ac1   Thumb Code     0  daddsub_clz.o(x$fpl$dsub)
    x$fpl$f2d                                0x00001c84   Section       86  f2d.o(x$fpl$f2d)
    x$fpl$ffltu                              0x00001cdc   Section       38  fflt_clz.o(x$fpl$ffltu)
    x$fpl$fnaninf                            0x00001d02   Section      140  fnaninf.o(x$fpl$fnaninf)
    x$fpl$fretinf                            0x00001d8e   Section       10  fretinf.o(x$fpl$fretinf)
    .constdata                               0x00001d98   Section       80  main.o(.constdata)
    locale$$data                             0x00001e08   Section      272  lc_ctype_c.o(locale$$data)
    __lcctype_c_name                         0x00001e0c   Data           2  lc_ctype_c.o(locale$$data)
    __lcctype_c_start                        0x00001e14   Data           0  lc_ctype_c.o(locale$$data)
    __lcctype_c_end                          0x00001f18   Data           0  lc_ctype_c.o(locale$$data)
    .data                                    0x10000000   Section        4  system_lpc17xx.o(.data)
    .data                                    0x10000004   Section       93  main.o(.data)
    temp2                                    0x10000048   Data           4  main.o(.data)
    temp1                                    0x1000004c   Data           4  main.o(.data)
    i                                        0x10000050   Data           4  main.o(.data)
    .bss                                     0x10000064   Section       30  main.o(.bss)
    .bss                                     0x10000084   Section       96  libspace.o(.bss)
    HEAP                                     0x100000e8   Section        0  startup_lpc17xx.o(HEAP)
    STACK                                    0x100000e8   Section      512  startup_lpc17xx.o(STACK)
    Heap_Mem                                 0x100000e8   Data           0  startup_lpc17xx.o(HEAP)
    Stack_Mem                                0x100000e8   Data         512  startup_lpc17xx.o(STACK)
    __initial_sp                             0x100002e8   Data           0  startup_lpc17xx.o(STACK)

    Global Symbols

    Symbol Name                              Value     Ov Type        Size  Object(Section)

    BuildAttributes$$THM_ISAv4$P$D$K$B$S$PE$A:L22UL41UL21$X:L11$S22US41US21$IEEE1$IW$USESV6$~STKCKD$USESV7$~SHL$OSPACE$ROPI$EBA8$UX$STANDARDLIB$REQ8$PRES8$EABIv2 0x00000000   Number         0  anon$$obj.o ABSOLUTE
    __ARM_use_no_argv                        0x00000000   Number         0  main.o ABSOLUTE
    __Vectors                                0x00000000   Data           4  startup_lpc17xx.o(RESET)
    __ARM_exceptions_init                     - Undefined Weak Reference
    __alloca_initialize                       - Undefined Weak Reference
    __cpp_initialize__aeabi_                  - Undefined Weak Reference
    __cxa_finalize                            - Undefined Weak Reference
    __sigvec_lookup                           - Undefined Weak Reference
    _atexit_init                              - Undefined Weak Reference
    _call_atexit_fns                          - Undefined Weak Reference
    _clock_init                               - Undefined Weak Reference
    _fp_trap_init                             - Undefined Weak Reference
    _fp_trap_shutdown                         - Undefined Weak Reference
    _get_lc_collate                           - Undefined Weak Reference
    _get_lc_monetary                          - Undefined Weak Reference
    _get_lc_numeric                           - Undefined Weak Reference
    _get_lc_time                              - Undefined Weak Reference
    _getenv_init                              - Undefined Weak Reference
    _handle_redirection                       - Undefined Weak Reference
    _init_alloc                               - Undefined Weak Reference
    _init_user_alloc                          - Undefined Weak Reference
    _initio                                   - Undefined Weak Reference
    _rand_init                                - Undefined Weak Reference
    _signal_finish                            - Undefined Weak Reference
    _signal_init                              - Undefined Weak Reference
    _terminate_alloc                          - Undefined Weak Reference
    _terminate_user_alloc                     - Undefined Weak Reference
    _terminateio                              - Undefined Weak Reference
    __main                                   0x000000cd   Thumb Code     8  __main.o(!!!main)
    __scatterload                            0x000000d5   Thumb Code     0  __scatter.o(!!!scatter)
    __scatterload_rt2                        0x000000d5   Thumb Code    44  __scatter.o(!!!scatter)
    __scatterload_rt2_thumb_only             0x000000d5   Thumb Code     0  __scatter.o(!!!scatter)
    __scatterload_null                       0x000000e3   Thumb Code     0  __scatter.o(!!!scatter)
    __scatterload_copy                       0x00000109   Thumb Code    26  __scatter_copy.o(!!handler_copy)
    __scatterload_zeroinit                   0x00000125   Thumb Code    28  __scatter_zi.o(!!handler_zi)
    __rt_lib_init                            0x00000141   Thumb Code     0  libinit.o(.ARM.Collect$$libinit$$00000000)
    __rt_lib_init_fp_1                       0x00000143   Thumb Code     0  libinit2.o(.ARM.Collect$$libinit$$00000002)
    __rt_lib_init_heap_1                     0x00000143   Thumb Code     0  libinit2.o(.ARM.Collect$$libinit$$00000008)
    __rt_lib_init_lc_common                  0x00000143   Thumb Code     0  libinit2.o(.ARM.Collect$$libinit$$0000000D)
    __rt_lib_init_rand_1                     0x00000143   Thumb Code     0  libinit2.o(.ARM.Collect$$libinit$$0000000C)
    __rt_lib_init_user_alloc_1               0x00000143   Thumb Code     0  libinit2.o(.ARM.Collect$$libinit$$0000000A)
    __rt_lib_init_lc_collate_1               0x00000149   Thumb Code     0  libinit2.o(.ARM.Collect$$libinit$$0000000F)
    __rt_lib_init_lc_ctype_2                 0x00000149   Thumb Code     0  libinit2.o(.ARM.Collect$$libinit$$00000010)
    __rt_lib_init_alloca_1                   0x00000155   Thumb Code     0  libinit2.o(.ARM.Collect$$libinit$$0000002C)
    __rt_lib_init_argv_1                     0x00000155   Thumb Code     0  libinit2.o(.ARM.Collect$$libinit$$0000002A)
    __rt_lib_init_atexit_1                   0x00000155   Thumb Code     0  libinit2.o(.ARM.Collect$$libinit$$00000019)
    __rt_lib_init_clock_1                    0x00000155   Thumb Code     0  libinit2.o(.ARM.Collect$$libinit$$0000001F)
    __rt_lib_init_cpp_1                      0x00000155   Thumb Code     0  libinit2.o(.ARM.Collect$$libinit$$00000030)
    __rt_lib_init_exceptions_1               0x00000155   Thumb Code     0  libinit2.o(.ARM.Collect$$libinit$$0000002E)
    __rt_lib_init_fp_trap_1                  0x00000155   Thumb Code     0  libinit2.o(.ARM.Collect$$libinit$$0000001D)
    __rt_lib_init_getenv_1                   0x00000155   Thumb Code     0  libinit2.o(.ARM.Collect$$libinit$$00000021)
    __rt_lib_init_lc_ctype_1                 0x00000155   Thumb Code     0  libinit2.o(.ARM.Collect$$libinit$$00000011)
    __rt_lib_init_lc_monetary_1              0x00000155   Thumb Code     0  libinit2.o(.ARM.Collect$$libinit$$00000013)
    __rt_lib_init_lc_numeric_1               0x00000155   Thumb Code     0  libinit2.o(.ARM.Collect$$libinit$$00000015)
    __rt_lib_init_lc_time_1                  0x00000155   Thumb Code     0  libinit2.o(.ARM.Collect$$libinit$$00000017)
    __rt_lib_init_return                     0x00000155   Thumb Code     0  libinit2.o(.ARM.Collect$$libinit$$00000031)
    __rt_lib_init_signal_1                   0x00000155   Thumb Code     0  libinit2.o(.ARM.Collect$$libinit$$0000001B)
    __rt_lib_init_stdio_1                    0x00000155   Thumb Code     0  libinit2.o(.ARM.Collect$$libinit$$00000023)
    __rt_lib_shutdown                        0x00000157   Thumb Code     0  libshutdown.o(.ARM.Collect$$libshutdown$$00000000)
    __rt_lib_shutdown_fp_trap_1              0x00000159   Thumb Code     0  libshutdown2.o(.ARM.Collect$$libshutdown$$00000006)
    __rt_lib_shutdown_heap_1                 0x00000159   Thumb Code     0  libshutdown2.o(.ARM.Collect$$libshutdown$$0000000E)
    __rt_lib_shutdown_return                 0x00000159   Thumb Code     0  libshutdown2.o(.ARM.Collect$$libshutdown$$0000000F)
    __rt_lib_shutdown_signal_1               0x00000159   Thumb Code     0  libshutdown2.o(.ARM.Collect$$libshutdown$$00000009)
    __rt_lib_shutdown_stdio_1                0x00000159   Thumb Code     0  libshutdown2.o(.ARM.Collect$$libshutdown$$00000003)
    __rt_lib_shutdown_user_alloc_1           0x00000159   Thumb Code     0  libshutdown2.o(.ARM.Collect$$libshutdown$$0000000B)
    __rt_entry                               0x0000015b   Thumb Code     0  rtentry.o(.ARM.Collect$$rtentry$$00000000)
    __rt_entry_presh_1                       0x0000015b   Thumb Code     0  rtentry2.o(.ARM.Collect$$rtentry$$00000002)
    __rt_entry_sh                            0x0000015b   Thumb Code     0  rtentry4.o(.ARM.Collect$$rtentry$$00000004)
    __rt_entry_li                            0x00000161   Thumb Code     0  rtentry2.o(.ARM.Collect$$rtentry$$0000000A)
    __rt_entry_postsh_1                      0x00000161   Thumb Code     0  rtentry2.o(.ARM.Collect$$rtentry$$00000009)
    __rt_entry_main                          0x00000165   Thumb Code     0  rtentry2.o(.ARM.Collect$$rtentry$$0000000D)
    __rt_entry_postli_1                      0x00000165   Thumb Code     0  rtentry2.o(.ARM.Collect$$rtentry$$0000000C)
    __rt_exit                                0x0000016d   Thumb Code     0  rtexit.o(.ARM.Collect$$rtexit$$00000000)
    __rt_exit_ls                             0x0000016f   Thumb Code     0  rtexit2.o(.ARM.Collect$$rtexit$$00000003)
    __rt_exit_prels_1                        0x0000016f   Thumb Code     0  rtexit2.o(.ARM.Collect$$rtexit$$00000002)
    __rt_exit_exit                           0x00000173   Thumb Code     0  rtexit2.o(.ARM.Collect$$rtexit$$00000004)
    Reset_Handler                            0x00000179   Thumb Code     8  startup_lpc17xx.o(.text)
    NMI_Handler                              0x00000181   Thumb Code     2  startup_lpc17xx.o(.text)
    HardFault_Handler                        0x00000183   Thumb Code     2  startup_lpc17xx.o(.text)
    MemManage_Handler                        0x00000185   Thumb Code     2  startup_lpc17xx.o(.text)
    BusFault_Handler                         0x00000187   Thumb Code     2  startup_lpc17xx.o(.text)
    UsageFault_Handler                       0x00000189   Thumb Code     2  startup_lpc17xx.o(.text)
    SVC_Handler                              0x0000018b   Thumb Code     2  startup_lpc17xx.o(.text)
    DebugMon_Handler                         0x0000018d   Thumb Code     2  startup_lpc17xx.o(.text)
    PendSV_Handler                           0x0000018f   Thumb Code     2  startup_lpc17xx.o(.text)
    SysTick_Handler                          0x00000191   Thumb Code     2  startup_lpc17xx.o(.text)
    BOD_IRQHandler                           0x00000193   Thumb Code     0  startup_lpc17xx.o(.text)
    CANActivity_IRQHandler                   0x00000193   Thumb Code     0  startup_lpc17xx.o(.text)
    CAN_IRQHandler                           0x00000193   Thumb Code     0  startup_lpc17xx.o(.text)
    DMA_IRQHandler                           0x00000193   Thumb Code     0  startup_lpc17xx.o(.text)
    EINT0_IRQHandler                         0x00000193   Thumb Code     0  startup_lpc17xx.o(.text)
    EINT1_IRQHandler                         0x00000193   Thumb Code     0  startup_lpc17xx.o(.text)
    EINT2_IRQHandler                         0x00000193   Thumb Code     0  startup_lpc17xx.o(.text)
    EINT3_IRQHandler                         0x00000193   Thumb Code     0  startup_lpc17xx.o(.text)
    ENET_IRQHandler                          0x00000193   Thumb Code     0  startup_lpc17xx.o(.text)
    I2C0_IRQHandler                          0x00000193   Thumb Code     0  startup_lpc17xx.o(.text)
    I2C1_IRQHandler                          0x00000193   Thumb Code     0  startup_lpc17xx.o(.text)
    I2C2_IRQHandler                          0x00000193   Thumb Code     0  startup_lpc17xx.o(.text)
    I2S_IRQHandler                           0x00000193   Thumb Code     0  startup_lpc17xx.o(.text)
    MCPWM_IRQHandler                         0x00000193   Thumb Code     0  startup_lpc17xx.o(.text)
    PLL0_IRQHandler                          0x00000193   Thumb Code     0  startup_lpc17xx.o(.text)
    PLL1_IRQHandler                          0x00000193   Thumb Code     0  startup_lpc17xx.o(.text)
    PWM1_IRQHandler                          0x00000193   Thumb Code     0  startup_lpc17xx.o(.text)
    QEI_IRQHandler                           0x00000193   Thumb Code     0  startup_lpc17xx.o(.text)
    RIT_IRQHandler                           0x00000193   Thumb Code     0  startup_lpc17xx.o(.text)
    RTC_IRQHandler                           0x00000193   Thumb Code     0  startup_lpc17xx.o(.text)
    SPI_IRQHandler                           0x00000193   Thumb Code     0  startup_lpc17xx.o(.text)
    SSP0_IRQHandler                          0x00000193   Thumb Code     0  startup_lpc17xx.o(.text)
    SSP1_IRQHandler                          0x00000193   Thumb Code     0  startup_lpc17xx.o(.text)
    TIMER1_IRQHandler                        0x00000193   Thumb Code     0  startup_lpc17xx.o(.text)
    TIMER3_IRQHandler                        0x00000193   Thumb Code     0  startup_lpc17xx.o(.text)
    UART1_IRQHandler                         0x00000193   Thumb Code     0  startup_lpc17xx.o(.text)
    UART2_IRQHandler                         0x00000193   Thumb Code     0  startup_lpc17xx.o(.text)
    UART3_IRQHandler                         0x00000193   Thumb Code     0  startup_lpc17xx.o(.text)
    USBActivity_IRQHandler                   0x00000193   Thumb Code     0  startup_lpc17xx.o(.text)
    USB_IRQHandler                           0x00000193   Thumb Code     0  startup_lpc17xx.o(.text)
    WDT_IRQHandler                           0x00000193   Thumb Code     0  startup_lpc17xx.o(.text)
    __user_initial_stackheap                 0x00000195   Thumb Code     0  startup_lpc17xx.o(.text)
    __aeabi_uldivmod                         0x000001b5   Thumb Code     0  lludivv7m.o(.text)
    _ll_udiv                                 0x000001b5   Thumb Code   238  lludivv7m.o(.text)
    atoi                                     0x000002a3   Thumb Code    26  atoi.o(.text)
    __use_two_region_memory                  0x000002bd   Thumb Code     2  heapauxi.o(.text)
    __rt_heap_escrow$2region                 0x000002bf   Thumb Code     2  heapauxi.o(.text)
    __rt_heap_expand$2region                 0x000002c1   Thumb Code     2  heapauxi.o(.text)
    __aeabi_errno_addr                       0x000002c5   Thumb Code     8  rt_errno_addr_intlibspace.o(.text)
    __errno$intlibspace                      0x000002c5   Thumb Code     0  rt_errno_addr_intlibspace.o(.text)
    __rt_errno_addr$intlibspace              0x000002c5   Thumb Code     0  rt_errno_addr_intlibspace.o(.text)
    __user_libspace                          0x000002cd   Thumb Code     8  libspace.o(.text)
    __user_perproc_libspace                  0x000002cd   Thumb Code     0  libspace.o(.text)
    __user_perthread_libspace                0x000002cd   Thumb Code     0  libspace.o(.text)
    __rt_ctype_table                         0x000002d5   Thumb Code    16  rt_ctype_table.o(.text)
    __rt_locale                              0x000002e5   Thumb Code     8  rt_locale_intlibspace.o(.text)
    exit                                     0x000002ed   Thumb Code    12  exit.o(.text)
    __I$use$semihosting                      0x000002f9   Thumb Code     0  use_no_semi.o(.text)
    __use_no_semihosting_swi                 0x000002f9   Thumb Code     2  use_no_semi.o(.text)
    __I$use$fp                               0x000002fa   Number         0  usenofp.o(x$fpl$usenofp)
    __semihosting_library_function           0x000002fb   Thumb Code     0  indicate_semi.o(.text)
    SystemCoreClockUpdate                    0x00000301   Thumb Code   424  system_lpc17xx.o(.text)
    SystemInit                               0x000004a9   Thumb Code   282  system_lpc17xx.o(.text)
    Config_GPIO                              0x00000631   Thumb Code    24  main.o(.text)
    MotorD_Enable                            0x00000649   Thumb Code    14  main.o(.text)
    MotorD_Disable                           0x00000657   Thumb Code    14  main.o(.text)
    MotorI_Enable                            0x00000665   Thumb Code    14  main.o(.text)
    MotorI_Disable                           0x00000673   Thumb Code    14  main.o(.text)
    PWM_Config                               0x00000681   Thumb Code    84  main.o(.text)
    TIMER0_Config                            0x000006d5   Thumb Code    68  main.o(.text)
    TIMER2_Config                            0x00000719   Thumb Code    70  main.o(.text)
    TIMER1_Config                            0x0000075f   Thumb Code    48  main.o(.text)
    ADC_Config                               0x0000078f   Thumb Code    72  main.o(.text)
    Set_Velocidad_D                          0x000007d7   Thumb Code    90  main.o(.text)
    Set_Velocidad_I                          0x00000831   Thumb Code    90  main.o(.text)
    TIMER0_IRQHandler                        0x0000088b   Thumb Code   164  main.o(.text)
    TIMER2_IRQHandler                        0x0000092f   Thumb Code   118  main.o(.text)
    Parar                                    0x000009a5   Thumb Code    24  main.o(.text)
    Detector_Obstaculos                      0x000009bd   Thumb Code   200  main.o(.text)
    ADC_IRQHandler                           0x00000a85   Thumb Code   136  main.o(.text)
    Avanzar                                  0x00000b0d   Thumb Code   150  main.o(.text)
    Retroceder                               0x00000ba3   Thumb Code   150  main.o(.text)
    Giro_Derecha                             0x00000c39   Thumb Code   108  main.o(.text)
    Giro_Izquierda                           0x00000ca5   Thumb Code   108  main.o(.text)
    main                                     0x00000d11   Thumb Code   480  main.o(.text)
    UART0_IRQHandler                         0x00000f09   Thumb Code   110  uart.o(.text)
    tx_cadena_UART0                          0x00000f77   Thumb Code    32  uart.o(.text)
    uart0_init                               0x00001091   Thumb Code    70  uart.o(.text)
    strtol                                   0x000010fd   Thumb Code   112  strtol.o(.text)
    _strtoul                                 0x0000116d   Thumb Code   158  _strtoul.o(.text)
    __user_setup_stackheap                   0x0000120b   Thumb Code    74  sys_stackheap_outer.o(.text)
    _chval                                   0x00001255   Thumb Code    28  _chval.o(.text)
    strcmp                                   0x00001271   Thumb Code   128  strcmpv7m.o(.text)
    _sys_exit                                0x000012f1   Thumb Code     8  sys_exit.o(.text)
    _get_lc_ctype                            0x000012fd   Thumb Code    44  lc_ctype_c.o(locale$$code)
    __aeabi_d2f                              0x00001329   Thumb Code     0  d2f.o(x$fpl$d2f)
    _d2f                                     0x00001329   Thumb Code    98  d2f.o(x$fpl$d2f)
    __aeabi_dadd                             0x0000138d   Thumb Code     0  daddsub_clz.o(x$fpl$dadd)
    _dadd                                    0x0000138d   Thumb Code   332  daddsub_clz.o(x$fpl$dadd)
    __aeabi_ddiv                             0x000014dd   Thumb Code     0  ddiv.o(x$fpl$ddiv)
    _ddiv                                    0x000014dd   Thumb Code   552  ddiv.o(x$fpl$ddiv)
    __aeabi_d2iz                             0x0000178d   Thumb Code     0  dfix.o(x$fpl$dfix)
    _dfix                                    0x0000178d   Thumb Code    94  dfix.o(x$fpl$dfix)
    __aeabi_d2uiz                            0x000017ed   Thumb Code     0  dfixu.o(x$fpl$dfixu)
    _dfixu                                   0x000017ed   Thumb Code    90  dfixu.o(x$fpl$dfixu)
    __aeabi_i2d                              0x00001847   Thumb Code     0  dflt_clz.o(x$fpl$dflt)
    _dflt                                    0x00001847   Thumb Code    46  dflt_clz.o(x$fpl$dflt)
    __aeabi_ui2d                             0x00001875   Thumb Code     0  dflt_clz.o(x$fpl$dfltu)
    _dfltu                                   0x00001875   Thumb Code    38  dflt_clz.o(x$fpl$dfltu)
    __aeabi_dmul                             0x0000189d   Thumb Code     0  dmul.o(x$fpl$dmul)
    _dmul                                    0x0000189d   Thumb Code   332  dmul.o(x$fpl$dmul)
    __fpl_dnaninf                            0x000019f1   Thumb Code   156  dnaninf.o(x$fpl$dnaninf)
    __fpl_dretinf                            0x00001a8d   Thumb Code    12  dretinf.o(x$fpl$dretinf)
    __aeabi_drsub                            0x00001a99   Thumb Code     0  daddsub_clz.o(x$fpl$drsb)
    _drsb                                    0x00001a99   Thumb Code    22  daddsub_clz.o(x$fpl$drsb)
    __aeabi_dsub                             0x00001ab1   Thumb Code     0  daddsub_clz.o(x$fpl$dsub)
    _dsub                                    0x00001ab1   Thumb Code   464  daddsub_clz.o(x$fpl$dsub)
    __aeabi_f2d                              0x00001c85   Thumb Code     0  f2d.o(x$fpl$f2d)
    _f2d                                     0x00001c85   Thumb Code    86  f2d.o(x$fpl$f2d)
    __aeabi_ui2f                             0x00001cdd   Thumb Code     0  fflt_clz.o(x$fpl$ffltu)
    _ffltu                                   0x00001cdd   Thumb Code    38  fflt_clz.o(x$fpl$ffltu)
    __fpl_fnaninf                            0x00001d03   Thumb Code   140  fnaninf.o(x$fpl$fnaninf)
    __fpl_fretinf                            0x00001d8f   Thumb Code    10  fretinf.o(x$fpl$fretinf)
    Region$$Table$$Base                      0x00001de8   Number         0  anon$$obj.o(Region$$Table)
    Region$$Table$$Limit                     0x00001e08   Number         0  anon$$obj.o(Region$$Table)
    __ctype                                  0x00001e15   Data           0  lc_ctype_c.o(locale$$data)
    SystemCoreClock                          0x10000000   Data           4  system_lpc17xx.o(.data)
    T1                                       0x10000004   Data           4  main.o(.data)
    T2                                       0x10000008   Data           4  main.o(.data)
    Flancos_Drcha                            0x1000000c   Data           4  main.o(.data)
    Flancos_Izq                              0x10000010   Data           4  main.o(.data)
    Ticks_Drcha                              0x10000014   Data           4  main.o(.data)
    Ticks_Izq                                0x10000018   Data           4  main.o(.data)
    Velocidad_Drcha                          0x1000001c   Data           4  main.o(.data)
    Velocidad_Izq                            0x10000020   Data           4  main.o(.data)
    Distancia_Drcha                          0x10000024   Data           4  main.o(.data)
    vueltas                                  0x10000028   Data           4  main.o(.data)
    Centimetros                              0x1000002c   Data           4  main.o(.data)
    Valor_ADC                                0x10000030   Data           4  main.o(.data)
    Voltios                                  0x10000034   Data           4  main.o(.data)
    Distancia                                0x10000038   Data           4  main.o(.data)
    DistObj                                  0x1000003c   Data           4  main.o(.data)
    i                                        0x10000040   Data           4  main.o(.data)
    fin                                      0x10000044   Data           1  main.o(.data)
    ptr_rx                                   0x10000054   Data           4  main.o(.data)
    rx_completa                              0x10000058   Data           1  main.o(.data)
    ptr_tx                                   0x1000005c   Data           4  main.o(.data)
    tx_completa                              0x10000060   Data           1  main.o(.data)
    buffer                                   0x10000064   Data          30  main.o(.bss)
    __libspace_start                         0x10000084   Data          96  libspace.o(.bss)
    __temporary_stack_top$libspace           0x100000e4   Data           0  libspace.o(.bss)



==============================================================================

Memory Map of the image

  Image Entry point : 0x00000179

  Load Region LR_1 (Base: 0x00000000, Size: 0x00001f7c, Max: 0xffffffff, ABSOLUTE)

    Execution Region ER_RO (Base: 0x00000000, Size: 0x00001f18, Max: 0xffffffff, ABSOLUTE)

    Base Addr    Size         Type   Attr      Idx    E Section Name        Object

    0x00000000   0x000000cc   Data   RO            3    RESET               startup_lpc17xx.o
    0x000000cc   0x00000008   Code   RO          141  * !!!main             c_w.l(__main.o)
    0x000000d4   0x00000034   Code   RO          373    !!!scatter          c_w.l(__scatter.o)
    0x00000108   0x0000001a   Code   RO          375    !!handler_copy      c_w.l(__scatter_copy.o)
    0x00000122   0x00000002   PAD
    0x00000124   0x0000001c   Code   RO          377    !!handler_zi        c_w.l(__scatter_zi.o)
    0x00000140   0x00000002   Code   RO          247    .ARM.Collect$$libinit$$00000000  c_w.l(libinit.o)
    0x00000142   0x00000000   Code   RO          259    .ARM.Collect$$libinit$$00000002  c_w.l(libinit2.o)
    0x00000142   0x00000000   Code   RO          262    .ARM.Collect$$libinit$$00000008  c_w.l(libinit2.o)
    0x00000142   0x00000000   Code   RO          264    .ARM.Collect$$libinit$$0000000A  c_w.l(libinit2.o)
    0x00000142   0x00000000   Code   RO          266    .ARM.Collect$$libinit$$0000000C  c_w.l(libinit2.o)
    0x00000142   0x00000006   Code   RO          267    .ARM.Collect$$libinit$$0000000D  c_w.l(libinit2.o)
    0x00000148   0x00000000   Code   RO          269    .ARM.Collect$$libinit$$0000000F  c_w.l(libinit2.o)
    0x00000148   0x0000000c   Code   RO          270    .ARM.Collect$$libinit$$00000010  c_w.l(libinit2.o)
    0x00000154   0x00000000   Code   RO          271    .ARM.Collect$$libinit$$00000011  c_w.l(libinit2.o)
    0x00000154   0x00000000   Code   RO          273    .ARM.Collect$$libinit$$00000013  c_w.l(libinit2.o)
    0x00000154   0x00000000   Code   RO          275    .ARM.Collect$$libinit$$00000015  c_w.l(libinit2.o)
    0x00000154   0x00000000   Code   RO          277    .ARM.Collect$$libinit$$00000017  c_w.l(libinit2.o)
    0x00000154   0x00000000   Code   RO          279    .ARM.Collect$$libinit$$00000019  c_w.l(libinit2.o)
    0x00000154   0x00000000   Code   RO          281    .ARM.Collect$$libinit$$0000001B  c_w.l(libinit2.o)
    0x00000154   0x00000000   Code   RO          283    .ARM.Collect$$libinit$$0000001D  c_w.l(libinit2.o)
    0x00000154   0x00000000   Code   RO          285    .ARM.Collect$$libinit$$0000001F  c_w.l(libinit2.o)
    0x00000154   0x00000000   Code   RO          287    .ARM.Collect$$libinit$$00000021  c_w.l(libinit2.o)
    0x00000154   0x00000000   Code   RO          289    .ARM.Collect$$libinit$$00000023  c_w.l(libinit2.o)
    0x00000154   0x00000000   Code   RO          293    .ARM.Collect$$libinit$$0000002A  c_w.l(libinit2.o)
    0x00000154   0x00000000   Code   RO          295    .ARM.Collect$$libinit$$0000002C  c_w.l(libinit2.o)
    0x00000154   0x00000000   Code   RO          297    .ARM.Collect$$libinit$$0000002E  c_w.l(libinit2.o)
    0x00000154   0x00000000   Code   RO          299    .ARM.Collect$$libinit$$00000030  c_w.l(libinit2.o)
    0x00000154   0x00000002   Code   RO          300    .ARM.Collect$$libinit$$00000031  c_w.l(libinit2.o)
    0x00000156   0x00000002   Code   RO          331    .ARM.Collect$$libshutdown$$00000000  c_w.l(libshutdown.o)
    0x00000158   0x00000000   Code   RO          358    .ARM.Collect$$libshutdown$$00000003  c_w.l(libshutdown2.o)
    0x00000158   0x00000000   Code   RO          361    .ARM.Collect$$libshutdown$$00000006  c_w.l(libshutdown2.o)
    0x00000158   0x00000000   Code   RO          364    .ARM.Collect$$libshutdown$$00000009  c_w.l(libshutdown2.o)
    0x00000158   0x00000000   Code   RO          366    .ARM.Collect$$libshutdown$$0000000B  c_w.l(libshutdown2.o)
    0x00000158   0x00000000   Code   RO          369    .ARM.Collect$$libshutdown$$0000000E  c_w.l(libshutdown2.o)
    0x00000158   0x00000002   Code   RO          370    .ARM.Collect$$libshutdown$$0000000F  c_w.l(libshutdown2.o)
    0x0000015a   0x00000000   Code   RO          179    .ARM.Collect$$rtentry$$00000000  c_w.l(rtentry.o)
    0x0000015a   0x00000000   Code   RO          204    .ARM.Collect$$rtentry$$00000002  c_w.l(rtentry2.o)
    0x0000015a   0x00000006   Code   RO          216    .ARM.Collect$$rtentry$$00000004  c_w.l(rtentry4.o)
    0x00000160   0x00000000   Code   RO          206    .ARM.Collect$$rtentry$$00000009  c_w.l(rtentry2.o)
    0x00000160   0x00000004   Code   RO          207    .ARM.Collect$$rtentry$$0000000A  c_w.l(rtentry2.o)
    0x00000164   0x00000000   Code   RO          209    .ARM.Collect$$rtentry$$0000000C  c_w.l(rtentry2.o)
    0x00000164   0x00000008   Code   RO          210    .ARM.Collect$$rtentry$$0000000D  c_w.l(rtentry2.o)
    0x0000016c   0x00000002   Code   RO          248    .ARM.Collect$$rtexit$$00000000  c_w.l(rtexit.o)
    0x0000016e   0x00000000   Code   RO          304    .ARM.Collect$$rtexit$$00000002  c_w.l(rtexit2.o)
    0x0000016e   0x00000004   Code   RO          305    .ARM.Collect$$rtexit$$00000003  c_w.l(rtexit2.o)
    0x00000172   0x00000006   Code   RO          306    .ARM.Collect$$rtexit$$00000004  c_w.l(rtexit2.o)
    0x00000178   0x0000003c   Code   RO            5  * .text               startup_lpc17xx.o
    0x000001b4   0x000000ee   Code   RO          135    .text               c_w.l(lludivv7m.o)
    0x000002a2   0x0000001a   Code   RO          137    .text               c_w.l(atoi.o)
    0x000002bc   0x00000006   Code   RO          139    .text               c_w.l(heapauxi.o)
    0x000002c2   0x00000002   PAD
    0x000002c4   0x00000008   Code   RO          187    .text               c_w.l(rt_errno_addr_intlibspace.o)
    0x000002cc   0x00000008   Code   RO          200    .text               c_w.l(libspace.o)
    0x000002d4   0x00000010   Code   RO          218    .text               c_w.l(rt_ctype_table.o)
    0x000002e4   0x00000008   Code   RO          229    .text               c_w.l(rt_locale_intlibspace.o)
    0x000002ec   0x0000000c   Code   RO          236    .text               c_w.l(exit.o)
    0x000002f8   0x00000002   Code   RO          320    .text               c_w.l(use_no_semi.o)
    0x000002fa   0x00000000   Code   RO          322    .text               c_w.l(indicate_semi.o)
    0x000002fa   0x00000000   Code   RO          199    x$fpl$usenofp       fz_ws.l(usenofp.o)
    0x000002fa   0x00000002   PAD
    0x000002fc   0x00000004   Code   RO            4    .ARM.__at_0x02FC    startup_lpc17xx.o
    0x00000300   0x00000310   Code   RO           15    .text               system_lpc17xx.o
    0x00000610   0x000008f8   Code   RO           58    .text               main.o
    0x00000f08   0x000001f4   Code   RO          107    .text               uart.o
    0x000010fc   0x00000070   Code   RO          189    .text               c_w.l(strtol.o)
    0x0000116c   0x0000009e   Code   RO          222    .text               c_w.l(_strtoul.o)
    0x0000120a   0x0000004a   Code   RO          224    .text               c_w.l(sys_stackheap_outer.o)
    0x00001254   0x0000001c   Code   RO          231    .text               c_w.l(_chval.o)
    0x00001270   0x00000080   Code   RO          256    .text               c_w.l(strcmpv7m.o)
    0x000012f0   0x0000000c   Code   RO          301    .text               c_w.l(sys_exit.o)
    0x000012fc   0x0000002c   Code   RO          234    locale$$code        c_w.l(lc_ctype_c.o)
    0x00001328   0x00000062   Code   RO          143    x$fpl$d2f           fz_ws.l(d2f.o)
    0x0000138a   0x00000002   PAD
    0x0000138c   0x00000150   Code   RO          145    x$fpl$dadd          fz_ws.l(daddsub_clz.o)
    0x000014dc   0x000002b0   Code   RO          152    x$fpl$ddiv          fz_ws.l(ddiv.o)
    0x0000178c   0x0000005e   Code   RO          155    x$fpl$dfix          fz_ws.l(dfix.o)
    0x000017ea   0x00000002   PAD
    0x000017ec   0x0000005a   Code   RO          159    x$fpl$dfixu         fz_ws.l(dfixu.o)
    0x00001846   0x0000002e   Code   RO          164    x$fpl$dflt          fz_ws.l(dflt_clz.o)
    0x00001874   0x00000026   Code   RO          163    x$fpl$dfltu         fz_ws.l(dflt_clz.o)
    0x0000189a   0x00000002   PAD
    0x0000189c   0x00000154   Code   RO          169    x$fpl$dmul          fz_ws.l(dmul.o)
    0x000019f0   0x0000009c   Code   RO          191    x$fpl$dnaninf       fz_ws.l(dnaninf.o)
    0x00001a8c   0x0000000c   Code   RO          193    x$fpl$dretinf       fz_ws.l(dretinf.o)
    0x00001a98   0x00000016   Code   RO          146    x$fpl$drsb          fz_ws.l(daddsub_clz.o)
    0x00001aae   0x00000002   PAD
    0x00001ab0   0x000001d4   Code   RO          147    x$fpl$dsub          fz_ws.l(daddsub_clz.o)
    0x00001c84   0x00000056   Code   RO          171    x$fpl$f2d           fz_ws.l(f2d.o)
    0x00001cda   0x00000002   PAD
    0x00001cdc   0x00000026   Code   RO          173    x$fpl$ffltu         fz_ws.l(fflt_clz.o)
    0x00001d02   0x0000008c   Code   RO          195    x$fpl$fnaninf       fz_ws.l(fnaninf.o)
    0x00001d8e   0x0000000a   Code   RO          197    x$fpl$fretinf       fz_ws.l(fretinf.o)
    0x00001d98   0x00000050   Data   RO           60    .constdata          main.o
    0x00001de8   0x00000020   Data   RO          371    Region$$Table       anon$$obj.o
    0x00001e08   0x00000110   Data   RO          233    locale$$data        c_w.l(lc_ctype_c.o)


    Execution Region ER_RW (Base: 0x10000000, Size: 0x00000064, Max: 0xffffffff, ABSOLUTE)

    Base Addr    Size         Type   Attr      Idx    E Section Name        Object

    0x10000000   0x00000004   Data   RW           16    .data               system_lpc17xx.o
    0x10000004   0x0000005d   Data   RW           61    .data               main.o


    Execution Region ER_ZI (Base: 0x10000064, Size: 0x00000284, Max: 0xffffffff, ABSOLUTE)

    Base Addr    Size         Type   Attr      Idx    E Section Name        Object

    0x10000064   0x0000001e   Zero   RW           59    .bss                main.o
    0x10000082   0x00000002   PAD
    0x10000084   0x00000060   Zero   RW          201    .bss                c_w.l(libspace.o)
    0x100000e4   0x00000004   PAD
    0x100000e8   0x00000000   Zero   RW            2    HEAP                startup_lpc17xx.o
    0x100000e8   0x00000200   Zero   RW            1    STACK               startup_lpc17xx.o


==============================================================================

Image component sizes


      Code (inc. data)   RO Data    RW Data    ZI Data      Debug   Object Name

      2296        254         80         93         30      46361   main.o
        64         26        204          0        512        948   startup_lpc17xx.o
       784         78          0          4          0      21841   system_lpc17xx.o
       500         38          0          0          0      25189   uart.o

    ----------------------------------------------------------------------
      3644        396        316        100        544      94339   Object Totals
         0          0         32          0          0          0   (incl. Generated)
         0          0          0          3          2          0   (incl. Padding)

    ----------------------------------------------------------------------

      Code (inc. data)   RO Data    RW Data    ZI Data      Debug   Library Member Name

         8          0          0          0          0         68   __main.o
        52          8          0          0          0          0   __scatter.o
        26          0          0          0          0          0   __scatter_copy.o
        28          0          0          0          0          0   __scatter_zi.o
        28          0          0          0          0         68   _chval.o
       158          0          0          0          0         92   _strtoul.o
        26          0          0          0          0         80   atoi.o
        12          0          0          0          0         72   exit.o
         6          0          0          0          0        152   heapauxi.o
         0          0          0          0          0          0   indicate_semi.o
        44         10        272          0          0         76   lc_ctype_c.o
         2          0          0          0          0          0   libinit.o
        20          0          0          0          0          0   libinit2.o
         2          0          0          0          0          0   libshutdown.o
         2          0          0          0          0          0   libshutdown2.o
         8          4          0          0         96         68   libspace.o
       238          0          0          0          0        100   lludivv7m.o
        16          4          0          0          0         76   rt_ctype_table.o
         8          4          0          0          0         68   rt_errno_addr_intlibspace.o
         8          4          0          0          0         68   rt_locale_intlibspace.o
         0          0          0          0          0          0   rtentry.o
        12          0          0          0          0          0   rtentry2.o
         6          0          0          0          0          0   rtentry4.o
         2          0          0          0          0          0   rtexit.o
        10          0          0          0          0          0   rtexit2.o
       128          0          0          0          0         68   strcmpv7m.o
       112          0          0          0          0         88   strtol.o
        12          4          0          0          0         68   sys_exit.o
        74          0          0          0          0         80   sys_stackheap_outer.o
         2          0          0          0          0         68   use_no_semi.o
        98          4          0          0          0         92   d2f.o
       826         16          0          0          0        348   daddsub_clz.o
       688        140          0          0          0        208   ddiv.o
        94          4          0          0          0         92   dfix.o
        90          4          0          0          0         92   dfixu.o
        84          0          0          0          0        136   dflt_clz.o
       340         12          0          0          0        104   dmul.o
       156          4          0          0          0         92   dnaninf.o
        12          0          0          0          0         68   dretinf.o
        86          4          0          0          0         84   f2d.o
        38          0          0          0          0         68   fflt_clz.o
       140          4          0          0          0         84   fnaninf.o
        10          0          0          0          0         68   fretinf.o
         0          0          0          0          0          0   usenofp.o

    ----------------------------------------------------------------------
      3728        230        272          0        100       2896   Library Totals
        16          0          0          0          4          0   (incl. Padding)

    ----------------------------------------------------------------------

      Code (inc. data)   RO Data    RW Data    ZI Data      Debug   Library Name

      1050         38        272          0         96       1360   c_w.l
      2662        192          0          0          0       1536   fz_ws.l

    ----------------------------------------------------------------------
      3728        230        272          0        100       2896   Library Totals

    ----------------------------------------------------------------------

==============================================================================


      Code (inc. data)   RO Data    RW Data    ZI Data      Debug   

      7372        626        588        100        644      95363   Grand Totals
      7372        626        588        100        644      95363   ELF Image Totals
      7372        626        588        100          0          0   ROM Totals

==============================================================================

    Total RO  Size (Code + RO Data)                 7960 (   7.77kB)
    Total RW  Size (RW Data + ZI Data)               744 (   0.73kB)
    Total ROM Size (Code + RO Data + RW Data)       8060 (   7.87kB)

==============================================================================

