<html>
<body>
<pre>
<h1>µVision Build Log</h1>
<h2>Project:</h2>
C:\Users\Inés\Documents\Inés\Universidad\2015-2016\SED\Robot\Johnny5\PF.uvproj
Project File Date:  01/05/2016

<h2>Output:</h2>
Build target 'Target 1'
compiling main.c...
linking...
Program Size: Code=7408 RO-data=588 RW-data=100 ZI-data=644  
FromELF: creating hex file...
".\PF.axf" - 0 Errors, 0 Warning(s).
Build target 'Target 1'
compiling main.c...
linking...
Program Size: Code=7396 RO-data=588 RW-data=100 ZI-data=644  
FromELF: creating hex file...
".\PF.axf" - 0 Errors, 0 Warning(s).
Build target 'Target 1'
compiling main.c...
linking...
Program Size: Code=7396 RO-data=588 RW-data=100 ZI-data=644  
FromELF: creating hex file...
".\PF.axf" - 0 Errors, 0 Warning(s).
Build target 'Target 1'
compiling main.c...
main.c(395): warning:  #128-D: loop is not reachable
linking...
Program Size: Code=7368 RO-data=588 RW-data=100 ZI-data=644  
FromELF: creating hex file...
".\PF.axf" - 0 Errors, 1 Warning(s).
Build target 'Target 1'
linking...
Program Size: Code=7368 RO-data=588 RW-data=100 ZI-data=644  
FromELF: creating hex file...
".\PF.axf" - 0 Errors, 0 Warning(s).
Build target 'Target 1'
linking...
Program Size: Code=7368 RO-data=588 RW-data=100 ZI-data=644  
FromELF: creating hex file...
".\PF.axf" - 0 Errors, 0 Warning(s).
Build target 'Target 1'
linking...
Program Size: Code=7368 RO-data=588 RW-data=100 ZI-data=644  
FromELF: creating hex file...
".\PF.axf" - 0 Errors, 0 Warning(s).
Load "C:\\Users\\Inés\\Documents\\Inés\\Universidad\\2015-2016\\SED\\Robot\\Johnny5\\PF.axf" 
Set JLink Project File to "C:\Users\Inés\Documents\Inés\Universidad\2015-2016\SED\Robot\Johnny5\JLinkSettings.ini"
* JLink Info: Device "LPC1768" selected (512 KB flash, 32 KB RAM).
 
JLink info:
------------
DLL: V4.68a, compiled Apr 12 2013 13:26:50
Firmware: J-Link ARM-OB STM32 compiled Aug 22 2012 19:52:04
Hardware: V7.00
Feature(s) : RDI,FlashDL,FlashBP,JFlash,GDBFull 
 
* JLink Info: TotalIRLen = 4, IRPrint = 0x01
* JLink Info: Found Cortex-M3 r2p0, Little endian.
* JLink Info: TPIU fitted.
* JLink Info: ETM fitted.
* JLink Info: FPUnit: 6 code (BP) slots and 2 literal slots
ROMTableAddr = 0xE00FF003
* JLink Info: Found Cortex-M3 r2p0, Little endian.
* JLink Info: TPIU fitted.
* JLink Info: ETM fitted.
* JLink Info: FPUnit: 6 code (BP) slots and 2 literal slots
 
Target info:
------------
Device: LPC1768
VTarget = 3.300V
State of Pins: 
TCK: 1, TDI: 0, TDO: 1, TMS: 0, TRES: 1, TRST: 1
Hardware-Breakpoints: 6
Software-Breakpoints: 8192
Watchpoints:          4
JTAG speed: 4000 kHz
 
Full Chip Erase Done.
Programming Done.
Verify OK.
Build target 'Target 1'
compiling main.c...
main.c(395): warning:  #128-D: loop is not reachable
linking...
Program Size: Code=7368 RO-data=588 RW-data=100 ZI-data=644  
FromELF: creating hex file...
".\PF.axf" - 0 Errors, 1 Warning(s).
Build target 'Target 1'
compiling main.c...
main.c(396): warning:  #128-D: loop is not reachable
linking...
Program Size: Code=7368 RO-data=588 RW-data=100 ZI-data=644  
FromELF: creating hex file...
".\PF.axf" - 0 Errors, 1 Warning(s).
Build target 'Target 1'
compiling main.c...
linking...
Program Size: Code=7368 RO-data=588 RW-data=100 ZI-data=644  
FromELF: creating hex file...
".\PF.axf" - 0 Errors, 0 Warning(s).
Build target 'Target 1'
compiling main.c...
linking...
Program Size: Code=7368 RO-data=588 RW-data=100 ZI-data=644  
FromELF: creating hex file...
".\PF.axf" - 0 Errors, 0 Warning(s).
Build target 'Target 1'
compiling main.c...
linking...
Program Size: Code=7372 RO-data=588 RW-data=100 ZI-data=644  
FromELF: creating hex file...
".\PF.axf" - 0 Errors, 0 Warning(s).
Build target 'Target 1'
compiling main.c...
linking...
Program Size: Code=7368 RO-data=588 RW-data=100 ZI-data=644  
FromELF: creating hex file...
".\PF.axf" - 0 Errors, 0 Warning(s).
Build target 'Target 1'
compiling main.c...
linking...
Program Size: Code=7376 RO-data=588 RW-data=100 ZI-data=644  
FromELF: creating hex file...
".\PF.axf" - 0 Errors, 0 Warning(s).
Build target 'Target 1'
compiling main.c...
linking...
Program Size: Code=7308 RO-data=588 RW-data=100 ZI-data=644  
FromELF: creating hex file...
".\PF.axf" - 0 Errors, 0 Warning(s).
Build target 'Target 1'
compiling main.c...
linking...
Program Size: Code=7372 RO-data=588 RW-data=100 ZI-data=644  
FromELF: creating hex file...
".\PF.axf" - 0 Errors, 0 Warning(s).
Build target 'Target 1'
compiling main.c...
linking...
Program Size: Code=7372 RO-data=588 RW-data=100 ZI-data=644  
FromELF: creating hex file...
".\PF.axf" - 0 Errors, 0 Warning(s).
Build target 'Target 1'
compiling main.c...
linking...
Program Size: Code=7376 RO-data=588 RW-data=100 ZI-data=644  
FromELF: creating hex file...
".\PF.axf" - 0 Errors, 0 Warning(s).
Build target 'Target 1'
compiling main.c...
main.c(342): warning:  #177-D: variable "z" was declared but never referenced
linking...
Program Size: Code=7368 RO-data=588 RW-data=100 ZI-data=644  
FromELF: creating hex file...
".\PF.axf" - 0 Errors, 1 Warning(s).
Build target 'Target 1'
compiling main.c...
linking...
Program Size: Code=7368 RO-data=588 RW-data=100 ZI-data=644  
FromELF: creating hex file...
".\PF.axf" - 0 Errors, 0 Warning(s).
Build target 'Target 1'
compiling main.c...
linking...
Program Size: Code=7372 RO-data=588 RW-data=100 ZI-data=644  
FromELF: creating hex file...
".\PF.axf" - 0 Errors, 0 Warning(s).
Build target 'Target 1'
linking...
Program Size: Code=7372 RO-data=588 RW-data=100 ZI-data=644  
FromELF: creating hex file...
".\PF.axf" - 0 Errors, 0 Warning(s).
Build target 'Target 1'
compiling main.c...
linking...
Program Size: Code=7372 RO-data=588 RW-data=100 ZI-data=644  
FromELF: creating hex file...
".\PF.axf" - 0 Errors, 0 Warning(s).
Build target 'Target 1'
compiling main.c...
main.c(342): warning:  #177-D: variable "x" was declared but never referenced
linking...
Program Size: Code=7376 RO-data=588 RW-data=100 ZI-data=644  
FromELF: creating hex file...
".\PF.axf" - 0 Errors, 1 Warning(s).
Build target 'Target 1'
linking...
Program Size: Code=7376 RO-data=588 RW-data=100 ZI-data=644  
FromELF: creating hex file...
".\PF.axf" - 0 Errors, 0 Warning(s).
Build target 'Target 1'
compiling main.c...
main.c(342): warning:  #177-D: variable "x" was declared but never referenced
linking...
Program Size: Code=7380 RO-data=588 RW-data=100 ZI-data=644  
FromELF: creating hex file...
".\PF.axf" - 0 Errors, 1 Warning(s).
Build target 'Target 1'
compiling main.c...
main.c(342): warning:  #177-D: variable "x" was declared but never referenced
linking...
Program Size: Code=7380 RO-data=588 RW-data=100 ZI-data=644  
FromELF: creating hex file...
".\PF.axf" - 0 Errors, 1 Warning(s).
Build target 'Target 1'
compiling main.c...
linking...
Program Size: Code=7376 RO-data=588 RW-data=100 ZI-data=644  
FromELF: creating hex file...
".\PF.axf" - 0 Errors, 0 Warning(s).
Build target 'Target 1'
compiling main.c...
linking...
Program Size: Code=7376 RO-data=588 RW-data=100 ZI-data=644  
FromELF: creating hex file...
".\PF.axf" - 0 Errors, 0 Warning(s).
Build target 'Target 1'
compiling main.c...
main.c(342): warning:  #177-D: variable "x" was declared but never referenced
linking...
Program Size: Code=7368 RO-data=588 RW-data=100 ZI-data=644  
FromELF: creating hex file...
".\PF.axf" - 0 Errors, 1 Warning(s).
Build target 'Target 1'
compiling main.c...
main.c(342): warning:  #177-D: variable "x" was declared but never referenced
linking...
Program Size: Code=7368 RO-data=588 RW-data=100 ZI-data=644  
FromELF: creating hex file...
".\PF.axf" - 0 Errors, 1 Warning(s).
Build target 'Target 1'
compiling main.c...
linking...
Program Size: Code=7384 RO-data=588 RW-data=100 ZI-data=644  
FromELF: creating hex file...
".\PF.axf" - 0 Errors, 0 Warning(s).
Build target 'Target 1'
compiling main.c...
linking...
Program Size: Code=7372 RO-data=588 RW-data=100 ZI-data=644  
FromELF: creating hex file...
".\PF.axf" - 0 Errors, 0 Warning(s).
Build target 'Target 1'
linking...
Program Size: Code=7372 RO-data=588 RW-data=100 ZI-data=644  
FromELF: creating hex file...
".\PF.axf" - 0 Errors, 0 Warning(s).
Build target 'Target 1'
compiling main.c...
linking...
Program Size: Code=7364 RO-data=588 RW-data=100 ZI-data=644  
FromELF: creating hex file...
".\PF.axf" - 0 Errors, 0 Warning(s).
Build target 'Target 1'
linking...
Program Size: Code=7364 RO-data=588 RW-data=100 ZI-data=644  
FromELF: creating hex file...
".\PF.axf" - 0 Errors, 0 Warning(s).
Load "C:\\Users\\Inés\\Documents\\Inés\\Universidad\\2015-2016\\SED\\Robot\\Johnny5\\PF.axf" 
Set JLink Project File to "C:\Users\Inés\Documents\Inés\Universidad\2015-2016\SED\Robot\Johnny5\JLinkSettings.ini"
* JLink Info: Device "LPC1768" selected (512 KB flash, 32 KB RAM).
 
JLink info:
------------
DLL: V4.68a, compiled Apr 12 2013 13:26:50
Firmware: J-Link ARM-OB STM32 compiled Aug 22 2012 19:52:04
Hardware: V7.00
Feature(s) : RDI,FlashDL,FlashBP,JFlash,GDBFull 
 
* JLink Info: TotalIRLen = 4, IRPrint = 0x01
* JLink Info: Found Cortex-M3 r2p0, Little endian.
* JLink Info: TPIU fitted.
* JLink Info: ETM fitted.
* JLink Info: FPUnit: 6 code (BP) slots and 2 literal slots
ROMTableAddr = 0xE00FF003
* JLink Info: Found Cortex-M3 r2p0, Little endian.
* JLink Info: TPIU fitted.
* JLink Info: ETM fitted.
* JLink Info: FPUnit: 6 code (BP) slots and 2 literal slots
 
Target info:
------------
Device: LPC1768
VTarget = 3.300V
State of Pins: 
TCK: 1, TDI: 0, TDO: 1, TMS: 0, TRES: 1, TRST: 1
Hardware-Breakpoints: 6
Software-Breakpoints: 8192
Watchpoints:          4
JTAG speed: 4000 kHz
 
Full Chip Erase Done.
Programming Done.
Verify OK.
